// Jest Snapshot v1, https://goo.gl/fbAQLP

exports[`Link changes the class when hovered 1`] = `
<tr>
  <td
    className="col-xs-6 "
  >
    <a
      onClick={[MockFunction]}
      style={
        Object {
          "cursor": "pointer",
        }
      }
    >
      <span
        className="fa fa-folder fa-2x"
        style={
          Object {
            "float": "left",
            "fontSize": "2em",
            "verticalAlign": "middle",
          }
        }
      />
      <h5
        style={
          Object {
            "float": "left",
            "paddingLeft": "15px",
          }
        }
      >
        sample folder
      </h5>
    </a>
  </td>
  <td
    className="col-xs-1 "
  >
    <div
      className="dropdown"
    >
      <button
        className="btn btn-default dropdown-toggle"
        data-toggle="dropdown"
        style={
          Object {
            "verticalAlign": "middle",
          }
        }
        type="button"
      >
        ...
      </button>
      <ul
        className="dropdown-menu"
      >
        <li>
          <a
            download={true}
            href="#"
          >
            <i
              aria-hidden="true"
              className="fa fa-download dropDownIcon"
            />
            Download
          </a>
        </li>
        <li>
           
          <a
            onClick={[MockFunction]}
          >
            <i
              aria-hidden="true"
              className="fa fa-trash-o dropDownIcon"
            />
            Delete
          </a>
        </li>
        <li>
          <a
            href="#"
          >
            <i
              aria-hidden="true"
              className="fa fa-pencil-square-o dropDownIcon"
            />
            Rename
          </a>
        </li>
        <li>
          <a
            href="#"
          >
            <i
              aria-hidden="true"
              className="fa fa-share dropDownIcon"
            />
            Share
          </a>
        </li>
      </ul>
    </div>
  </td>
  <td
    className="col-xs-1 "
    style={
      Object {
        "verticalAlign": "middle",
      }
    }
  />
  <td
    className="col-xs-1 "
    style={
      Object {
        "verticalAlign": "middle",
      }
    }
  >
    27.86 KB
  </td>
  <td
    className="col-xs-2 "
    style={
      Object {
        "verticalAlign": "middle",
      }
    }
  >
    1/01/2018 6:46:08 PM
  </td>
</tr>
`;
